2.0.1+cu117
Current Torch version: 2.0
2.0.1+cu117
Current Torch version: 2.0
2.0.1+cu117
Current Torch version: 2.0
2.0.1+cu117
Current Torch version: 2.0
| distributed init (rank 2): env://, gpu 2
| distributed init (rank 0): env://, gpu 0
| distributed init (rank 3): env://, gpu 3
| distributed init (rank 1): env://, gpu 1
[16:10:24.143925] job dir: /mnt/data0/dubo/workspace/IMDLBenCo/IMDLBenCo/training_scripts
[16:10:24.144039] =====args:=====
[16:10:24.144137] Namespace(model='Trufor',
if_predict_label=False,
image_size=512,
if_padding=False,
if_resizing=True,
edge_mask_width=7,
test_data_json='./runs/dgm_datasets.json',
checkpoint_path='/mnt/data0/dubo/workspace/IMDLBenCo/sota_dir/trufor_dir',
test_batch_size=8,
no_model_eval=False,
output_dir='/mnt/data0/dubo/workspace/IMDLBenCo/sota_dir/trufor_dir/',
log_dir='/mnt/data0/dubo/workspace/IMDLBenCo/sota_dir/trufor_dir/',
device='cuda',
num_workers=1,
pin_mem=True,
world_size=4,
local_rank=-1,
dist_on_itp=False,
dist_url='env://',
rank=0,
gpu=0,
distributed=True,
dist_backend='nccl')
[16:10:24.144153] =====Model args:=====
[16:10:24.144183] Namespace(phase=2,
np_pretrain_weights='/mnt/data0/dubo/workspace/IMDLBenCo/IMDLBenCo/model_zoo/trufor/noiseprint.pth',
mit_b2_pretrain_weights='/mnt/data0/dubo/workspace/IMDLBenCo/IMDLBenCo/model_zoo/trufor/mit_b2.pth',
config_path='/mnt/data0/dubo/workspace/IMDLBenCo/configs/trufor.yaml',
det_resume_ckpt=None)
[16:10:24.150436] Using backbone: Segformer-B2
[16:10:25.949379] load noiseprint++ weight success.
[16:10:26.013873] load mit_b2 weight success.
[16:10:26.081143] Model = Trufor(
  (model): myEncoderDecoder(
    (backbone): mit_b2(
      (patch_embed1): OverlapPatchEmbed(
        (proj): Conv2d(3, 64, kernel_size=(7, 7), stride=(4, 4), padding=(3, 3))
        (norm): LayerNorm((64,), eps=1e-05, elementwise_affine=True)
      )
      (patch_embed2): OverlapPatchEmbed(
        (proj): Conv2d(64, 128, kernel_size=(3, 3), stride=(2, 2), padding=(1, 1))
        (norm): LayerNorm((128,), eps=1e-05, elementwise_affine=True)
      )
      (patch_embed3): OverlapPatchEmbed(
        (proj): Conv2d(128, 320, kernel_size=(3, 3), stride=(2, 2), padding=(1, 1))
        (norm): LayerNorm((320,), eps=1e-05, elementwise_affine=True)
      )
      (patch_embed4): OverlapPatchEmbed(
        (proj): Conv2d(320, 512, kernel_size=(3, 3), stride=(2, 2), padding=(1, 1))
        (norm): LayerNorm((512,), eps=1e-05, elementwise_affine=True)
      )
      (extra_patch_embed1): OverlapPatchEmbed(
        (proj): Conv2d(3, 64, kernel_size=(7, 7), stride=(4, 4), padding=(3, 3))
        (norm): LayerNorm((64,), eps=1e-05, elementwise_affine=True)
      )
      (extra_patch_embed2): OverlapPatchEmbed(
        (proj): Conv2d(64, 128, kernel_size=(3, 3), stride=(2, 2), padding=(1, 1))
        (norm): LayerNorm((128,), eps=1e-05, elementwise_affine=True)
      )
      (extra_patch_embed3): OverlapPatchEmbed(
        (proj): Conv2d(128, 320, kernel_size=(3, 3), stride=(2, 2), padding=(1, 1))
        (norm): LayerNorm((320,), eps=1e-05, elementwise_affine=True)
      )
      (extra_patch_embed4): OverlapPatchEmbed(
        (proj): Conv2d(320, 512, kernel_size=(3, 3), stride=(2, 2), padding=(1, 1))
        (norm): LayerNorm((512,), eps=1e-05, elementwise_affine=True)
      )
      (block1): ModuleList(
        (0): Block(
          (norm1): LayerNorm((64,), eps=1e-06, elementwise_affine=True)
          (attn): Attention(
            (q): Linear(in_features=64, out_features=64, bias=True)
            (kv): Linear(in_features=64, out_features=128, bias=True)
            (attn_drop): Dropout(p=0.0, inplace=False)
            (proj): Linear(in_features=64, out_features=64, bias=True)
            (proj_drop): Dropout(p=0.0, inplace=False)
            (sr): Conv2d(64, 64, kernel_size=(8, 8), stride=(8, 8))
            (norm): LayerNorm((64,), eps=1e-05, elementwise_affine=True)
          )
          (drop_path): Identity()
          (norm2): LayerNorm((64,), eps=1e-06, elementwise_affine=True)
          (mlp): Mlp(
            (fc1): Linear(in_features=64, out_features=256, bias=True)
            (dwconv): DWConv(
              (dwconv): Conv2d(256, 256, kernel_size=(3, 3), stride=(1, 1), padding=(1, 1), groups=256)
            )
            (act): GELU(approximate='none')
            (fc2): Linear(in_features=256, out_features=64, bias=True)
            (drop): Dropout(p=0.0, inplace=False)
          )
        )
        (1): Block(
          (norm1): LayerNorm((64,), eps=1e-06, elementwise_affine=True)
          (attn): Attention(
            (q): Linear(in_features=64, out_features=64, bias=True)
            (kv): Linear(in_features=64, out_features=128, bias=True)
            (attn_drop): Dropout(p=0.0, inplace=False)
            (proj): Linear(in_features=64, out_features=64, bias=True)
            (proj_drop): Dropout(p=0.0, inplace=False)
            (sr): Conv2d(64, 64, kernel_size=(8, 8), stride=(8, 8))
            (norm): LayerNorm((64,), eps=1e-05, elementwise_affine=True)
          )
          (drop_path): DropPath(drop_prob=0.007)
          (norm2): LayerNorm((64,), eps=1e-06, elementwise_affine=True)
          (mlp): Mlp(
            (fc1): Linear(in_features=64, out_features=256, bias=True)
            (dwconv): DWConv(
              (dwconv): Conv2d(256, 256, kernel_size=(3, 3), stride=(1, 1), padding=(1, 1), groups=256)
            )
            (act): GELU(approximate='none')
            (fc2): Linear(in_features=256, out_features=64, bias=True)
            (drop): Dropout(p=0.0, inplace=False)
          )
        )
        (2): Block(
          (norm1): LayerNorm((64,), eps=1e-06, elementwise_affine=True)
          (attn): Attention(
            (q): Linear(in_features=64, out_features=64, bias=True)
            (kv): Linear(in_features=64, out_features=128, bias=True)
            (attn_drop): Dropout(p=0.0, inplace=False)
            (proj): Linear(in_features=64, out_features=64, bias=True)
            (proj_drop): Dropout(p=0.0, inplace=False)
            (sr): Conv2d(64, 64, kernel_size=(8, 8), stride=(8, 8))
            (norm): LayerNorm((64,), eps=1e-05, elementwise_affine=True)
          )
          (drop_path): DropPath(drop_prob=0.013)
          (norm2): LayerNorm((64,), eps=1e-06, elementwise_affine=True)
          (mlp): Mlp(
            (fc1): Linear(in_features=64, out_features=256, bias=True)
            (dwconv): DWConv(
              (dwconv): Conv2d(256, 256, kernel_size=(3, 3), stride=(1, 1), padding=(1, 1), groups=256)
            )
            (act): GELU(approximate='none')
            (fc2): Linear(in_features=256, out_features=64, bias=True)
            (drop): Dropout(p=0.0, inplace=False)
          )
        )
      )
      (norm1): LayerNorm((64,), eps=1e-06, elementwise_affine=True)
      (extra_block1): ModuleList(
        (0): Block(
          (norm1): LayerNorm((64,), eps=1e-06, elementwise_affine=True)
          (attn): Attention(
            (q): Linear(in_features=64, out_features=64, bias=True)
            (kv): Linear(in_features=64, out_features=128, bias=True)
            (attn_drop): Dropout(p=0.0, inplace=False)
            (proj): Linear(in_features=64, out_features=64, bias=True)
            (proj_drop): Dropout(p=0.0, inplace=False)
            (sr): Conv2d(64, 64, kernel_size=(8, 8), stride=(8, 8))
            (norm): LayerNorm((64,), eps=1e-05, elementwise_affine=True)
          )
          (drop_path): Identity()
          (norm2): LayerNorm((64,), eps=1e-06, elementwise_affine=True)
          (mlp): Mlp(
            (fc1): Linear(in_features=64, out_features=256, bias=True)
            (dwconv): DWConv(
              (dwconv): Conv2d(256, 256, kernel_size=(3, 3), stride=(1, 1), padding=(1, 1), groups=256)
            )
            (act): GELU(approximate='none')
            (fc2): Linear(in_features=256, out_features=64, bias=True)
            (drop): Dropout(p=0.0, inplace=False)
          )
        )
        (1): Block(
          (norm1): LayerNorm((64,), eps=1e-06, elementwise_affine=True)
          (attn): Attention(
            (q): Linear(in_features=64, out_features=64, bias=True)
            (kv): Linear(in_features=64, out_features=128, bias=True)
            (attn_drop): Dropout(p=0.0, inplace=False)
            (proj): Linear(in_features=64, out_features=64, bias=True)
            (proj_drop): Dropout(p=0.0, inplace=False)
            (sr): Conv2d(64, 64, kernel_size=(8, 8), stride=(8, 8))
            (norm): LayerNorm((64,), eps=1e-05, elementwise_affine=True)
          )
          (drop_path): DropPath(drop_prob=0.007)
          (norm2): LayerNorm((64,), eps=1e-06, elementwise_affine=True)
          (mlp): Mlp(
            (fc1): Linear(in_features=64, out_features=256, bias=True)
            (dwconv): DWConv(
              (dwconv): Conv2d(256, 256, kernel_size=(3, 3), stride=(1, 1), padding=(1, 1), groups=256)
            )
            (act): GELU(approximate='none')
            (fc2): Linear(in_features=256, out_features=64, bias=True)
            (drop): Dropout(p=0.0, inplace=False)
          )
        )
        (2): Block(
          (norm1): LayerNorm((64,), eps=1e-06, elementwise_affine=True)
          (attn): Attention(
            (q): Linear(in_features=64, out_features=64, bias=True)
            (kv): Linear(in_features=64, out_features=128, bias=True)
            (attn_drop): Dropout(p=0.0, inplace=False)
            (proj): Linear(in_features=64, out_features=64, bias=True)
            (proj_drop): Dropout(p=0.0, inplace=False)
            (sr): Conv2d(64, 64, kernel_size=(8, 8), stride=(8, 8))
            (norm): LayerNorm((64,), eps=1e-05, elementwise_affine=True)
          )
          (drop_path): DropPath(drop_prob=0.013)
          (norm2): LayerNorm((64,), eps=1e-06, elementwise_affine=True)
          (mlp): Mlp(
            (fc1): Linear(in_features=64, out_features=256, bias=True)
            (dwconv): DWConv(
              (dwconv): Conv2d(256, 256, kernel_size=(3, 3), stride=(1, 1), padding=(1, 1), groups=256)
            )
            (act): GELU(approximate='none')
            (fc2): Linear(in_features=256, out_features=64, bias=True)
            (drop): Dropout(p=0.0, inplace=False)
          )
        )
      )
      (extra_norm1): LayerNorm((64,), eps=1e-06, elementwise_affine=True)
      (block2): ModuleList(
        (0-3): 4 x Block(
          (norm1): LayerNorm((128,), eps=1e-06, elementwise_affine=True)
          (attn): Attention(
            (q): Linear(in_features=128, out_features=128, bias=True)
            (kv): Linear(in_features=128, out_features=256, bias=True)
            (attn_drop): Dropout(p=0.0, inplace=False)
            (proj): Linear(in_features=128, out_features=128, bias=True)
            (proj_drop): Dropout(p=0.0, inplace=False)
            (sr): Conv2d(128, 128, kernel_size=(4, 4), stride=(4, 4))
            (norm): LayerNorm((128,), eps=1e-05, elementwise_affine=True)
          )
          (drop_path): DropPath(drop_prob=0.020)
          (norm2): LayerNorm((128,), eps=1e-06, elementwise_affine=True)
          (mlp): Mlp(
            (fc1): Linear(in_features=128, out_features=512, bias=True)
            (dwconv): DWConv(
              (dwconv): Conv2d(512, 512, kernel_size=(3, 3), stride=(1, 1), padding=(1, 1), groups=512)
            )
            (act): GELU(approximate='none')
            (fc2): Linear(in_features=512, out_features=128, bias=True)
            (drop): Dropout(p=0.0, inplace=False)
          )
        )
      )
      (norm2): LayerNorm((128,), eps=1e-06, elementwise_affine=True)
      (extra_block2): ModuleList(
        (0-3): 4 x Block(
          (norm1): LayerNorm((128,), eps=1e-06, elementwise_affine=True)
          (attn): Attention(
            (q): Linear(in_features=128, out_features=128, bias=True)
            (kv): Linear(in_features=128, out_features=256, bias=True)
            (attn_drop): Dropout(p=0.0, inplace=False)
            (proj): Linear(in_features=128, out_features=128, bias=True)
            (proj_drop): Dropout(p=0.0, inplace=False)
            (sr): Conv2d(128, 128, kernel_size=(4, 4), stride=(4, 4))
            (norm): LayerNorm((128,), eps=1e-05, elementwise_affine=True)
          )
          (drop_path): DropPath(drop_prob=0.027)
          (norm2): LayerNorm((128,), eps=1e-06, elementwise_affine=True)
          (mlp): Mlp(
            (fc1): Linear(in_features=128, out_features=512, bias=True)
            (dwconv): DWConv(
              (dwconv): Conv2d(512, 512, kernel_size=(3, 3), stride=(1, 1), padding=(1, 1), groups=512)
            )
            (act): GELU(approximate='none')
            (fc2): Linear(in_features=512, out_features=128, bias=True)
            (drop): Dropout(p=0.0, inplace=False)
          )
        )
      )
      (extra_norm2): LayerNorm((128,), eps=1e-06, elementwise_affine=True)
      (block3): ModuleList(
        (0): Block(
          (norm1): LayerNorm((320,), eps=1e-06, elementwise_affine=True)
          (attn): Attention(
            (q): Linear(in_features=320, out_features=320, bias=True)
            (kv): Linear(in_features=320, out_features=640, bias=True)
            (attn_drop): Dropout(p=0.0, inplace=False)
            (proj): Linear(in_features=320, out_features=320, bias=True)
            (proj_drop): Dropout(p=0.0, inplace=False)
            (sr): Conv2d(320, 320, kernel_size=(2, 2), stride=(2, 2))
            (norm): LayerNorm((320,), eps=1e-05, elementwise_affine=True)
          )
          (drop_path): DropPath(drop_prob=0.047)
          (norm2): LayerNorm((320,), eps=1e-06, elementwise_affine=True)
          (mlp): Mlp(
            (fc1): Linear(in_features=320, out_features=1280, bias=True)
            (dwconv): DWConv(
              (dwconv): Conv2d(1280, 1280, kernel_size=(3, 3), stride=(1, 1), padding=(1, 1), groups=1280)
            )
            (act): GELU(approximate='none')
            (fc2): Linear(in_features=1280, out_features=320, bias=True)
            (drop): Dropout(p=0.0, inplace=False)
          )
        )
        (1): Block(
          (norm1): LayerNorm((320,), eps=1e-06, elementwise_affine=True)
          (attn): Attention(
            (q): Linear(in_features=320, out_features=320, bias=True)
            (kv): Linear(in_features=320, out_features=640, bias=True)
            (attn_drop): Dropout(p=0.0, inplace=False)
            (proj): Linear(in_features=320, out_features=320, bias=True)
            (proj_drop): Dropout(p=0.0, inplace=False)
            (sr): Conv2d(320, 320, kernel_size=(2, 2), stride=(2, 2))
            (norm): LayerNorm((320,), eps=1e-05, elementwise_affine=True)
          )
          (drop_path): DropPath(drop_prob=0.053)
          (norm2): LayerNorm((320,), eps=1e-06, elementwise_affine=True)
          (mlp): Mlp(
            (fc1): Linear(in_features=320, out_features=1280, bias=True)
            (dwconv): DWConv(
              (dwconv): Conv2d(1280, 1280, kernel_size=(3, 3), stride=(1, 1), padding=(1, 1), groups=1280)
            )
            (act): GELU(approximate='none')
            (fc2): Linear(in_features=1280, out_features=320, bias=True)
            (drop): Dropout(p=0.0, inplace=False)
          )
        )
        (2): Block(
          (norm1): LayerNorm((320,), eps=1e-06, elementwise_affine=True)
          (attn): Attention(
            (q): Linear(in_features=320, out_features=320, bias=True)
            (kv): Linear(in_features=320, out_features=640, bias=True)
            (attn_drop): Dropout(p=0.0, inplace=False)
            (proj): Linear(in_features=320, out_features=320, bias=True)
            (proj_drop): Dropout(p=0.0, inplace=False)
            (sr): Conv2d(320, 320, kernel_size=(2, 2), stride=(2, 2))
            (norm): LayerNorm((320,), eps=1e-05, elementwise_affine=True)
          )
          (drop_path): DropPath(drop_prob=0.060)
          (norm2): LayerNorm((320,), eps=1e-06, elementwise_affine=True)
          (mlp): Mlp(
            (fc1): Linear(in_features=320, out_features=1280, bias=True)
            (dwconv): DWConv(
              (dwconv): Conv2d(1280, 1280, kernel_size=(3, 3), stride=(1, 1), padding=(1, 1), groups=1280)
            )
            (act): GELU(approximate='none')
            (fc2): Linear(in_features=1280, out_features=320, bias=True)
            (drop): Dropout(p=0.0, inplace=False)
          )
        )
        (3): Block(
          (norm1): LayerNorm((320,), eps=1e-06, elementwise_affine=True)
          (attn): Attention(
            (q): Linear(in_features=320, out_features=320, bias=True)
            (kv): Linear(in_features=320, out_features=640, bias=True)
            (attn_drop): Dropout(p=0.0, inplace=False)
            (proj): Linear(in_features=320, out_features=320, bias=True)
            (proj_drop): Dropout(p=0.0, inplace=False)
            (sr): Conv2d(320, 320, kernel_size=(2, 2), stride=(2, 2))
            (norm): LayerNorm((320,), eps=1e-05, elementwise_affine=True)
          )
          (drop_path): DropPath(drop_prob=0.067)
          (norm2): LayerNorm((320,), eps=1e-06, elementwise_affine=True)
          (mlp): Mlp(
            (fc1): Linear(in_features=320, out_features=1280, bias=True)
            (dwconv): DWConv(
              (dwconv): Conv2d(1280, 1280, kernel_size=(3, 3), stride=(1, 1), padding=(1, 1), groups=1280)
            )
            (act): GELU(approximate='none')
            (fc2): Linear(in_features=1280, out_features=320, bias=True)
            (drop): Dropout(p=0.0, inplace=False)
          )
        )
        (4): Block(
          (norm1): LayerNorm((320,), eps=1e-06, elementwise_affine=True)
          (attn): Attention(
            (q): Linear(in_features=320, out_features=320, bias=True)
            (kv): Linear(in_features=320, out_features=640, bias=True)
            (attn_drop): Dropout(p=0.0, inplace=False)
            (proj): Linear(in_features=320, out_features=320, bias=True)
            (proj_drop): Dropout(p=0.0, inplace=False)
            (sr): Conv2d(320, 320, kernel_size=(2, 2), stride=(2, 2))
            (norm): LayerNorm((320,), eps=1e-05, elementwise_affine=True)
          )
          (drop_path): DropPath(drop_prob=0.073)
          (norm2): LayerNorm((320,), eps=1e-06, elementwise_affine=True)
          (mlp): Mlp(
            (fc1): Linear(in_features=320, out_features=1280, bias=True)
            (dwconv): DWConv(
              (dwconv): Conv2d(1280, 1280, kernel_size=(3, 3), stride=(1, 1), padding=(1, 1), groups=1280)
            )
            (act): GELU(approximate='none')
            (fc2): Linear(in_features=1280, out_features=320, bias=True)
            (drop): Dropout(p=0.0, inplace=False)
          )
        )
        (5): Block(
          (norm1): LayerNorm((320,), eps=1e-06, elementwise_affine=True)
          (attn): Attention(
            (q): Linear(in_features=320, out_features=320, bias=True)
            (kv): Linear(in_features=320, out_features=640, bias=True)
            (attn_drop): Dropout(p=0.0, inplace=False)
            (proj): Linear(in_features=320, out_features=320, bias=True)
            (proj_drop): Dropout(p=0.0, inplace=False)
            (sr): Conv2d(320, 320, kernel_size=(2, 2), stride=(2, 2))
            (norm): LayerNorm((320,), eps=1e-05, elementwise_affine=True)
          )
          (drop_path): DropPath(drop_prob=0.080)
          (norm2): LayerNorm((320,), eps=1e-06, elementwise_affine=True)
          (mlp): Mlp(
            (fc1): Linear(in_features=320, out_features=1280, bias=True)
            (dwconv): DWConv(
              (dwconv): Conv2d(1280, 1280, kernel_size=(3, 3), stride=(1, 1), padding=(1, 1), groups=1280)
            )
            (act): GELU(approximate='none')
            (fc2): Linear(in_features=1280, out_features=320, bias=True)
            (drop): Dropout(p=0.0, inplace=False)
          )
        )
      )
      (norm3): LayerNorm((320,), eps=1e-06, elementwise_affine=True)
      (extra_block3): ModuleList(
        (0): Block(
          (norm1): LayerNorm((320,), eps=1e-06, elementwise_affine=True)
          (attn): Attention(
            (q): Linear(in_features=320, out_features=320, bias=True)
            (kv): Linear(in_features=320, out_features=640, bias=True)
            (attn_drop): Dropout(p=0.0, inplace=False)
            (proj): Linear(in_features=320, out_features=320, bias=True)
            (proj_drop): Dropout(p=0.0, inplace=False)
            (sr): Conv2d(320, 320, kernel_size=(2, 2), stride=(2, 2))
            (norm): LayerNorm((320,), eps=1e-05, elementwise_affine=True)
          )
          (drop_path): DropPath(drop_prob=0.047)
          (norm2): LayerNorm((320,), eps=1e-06, elementwise_affine=True)
          (mlp): Mlp(
            (fc1): Linear(in_features=320, out_features=1280, bias=True)
            (dwconv): DWConv(
              (dwconv): Conv2d(1280, 1280, kernel_size=(3, 3), stride=(1, 1), padding=(1, 1), groups=1280)
            )
            (act): GELU(approximate='none')
            (fc2): Linear(in_features=1280, out_features=320, bias=True)
            (drop): Dropout(p=0.0, inplace=False)
          )
        )
        (1): Block(
          (norm1): LayerNorm((320,), eps=1e-06, elementwise_affine=True)
          (attn): Attention(
            (q): Linear(in_features=320, out_features=320, bias=True)
            (kv): Linear(in_features=320, out_features=640, bias=True)
            (attn_drop): Dropout(p=0.0, inplace=False)
            (proj): Linear(in_features=320, out_features=320, bias=True)
            (proj_drop): Dropout(p=0.0, inplace=False)
            (sr): Conv2d(320, 320, kernel_size=(2, 2), stride=(2, 2))
            (norm): LayerNorm((320,), eps=1e-05, elementwise_affine=True)
          )
          (drop_path): DropPath(drop_prob=0.053)
          (norm2): LayerNorm((320,), eps=1e-06, elementwise_affine=True)
          (mlp): Mlp(
            (fc1): Linear(in_features=320, out_features=1280, bias=True)
            (dwconv): DWConv(
              (dwconv): Conv2d(1280, 1280, kernel_size=(3, 3), stride=(1, 1), padding=(1, 1), groups=1280)
            )
            (act): GELU(approximate='none')
            (fc2): Linear(in_features=1280, out_features=320, bias=True)
            (drop): Dropout(p=0.0, inplace=False)
          )
        )
        (2): Block(
          (norm1): LayerNorm((320,), eps=1e-06, elementwise_affine=True)
          (attn): Attention(
            (q): Linear(in_features=320, out_features=320, bias=True)
            (kv): Linear(in_features=320, out_features=640, bias=True)
            (attn_drop): Dropout(p=0.0, inplace=False)
            (proj): Linear(in_features=320, out_features=320, bias=True)
            (proj_drop): Dropout(p=0.0, inplace=False)
            (sr): Conv2d(320, 320, kernel_size=(2, 2), stride=(2, 2))
            (norm): LayerNorm((320,), eps=1e-05, elementwise_affine=True)
          )
          (drop_path): DropPath(drop_prob=0.060)
          (norm2): LayerNorm((320,), eps=1e-06, elementwise_affine=True)
          (mlp): Mlp(
            (fc1): Linear(in_features=320, out_features=1280, bias=True)
            (dwconv): DWConv(
              (dwconv): Conv2d(1280, 1280, kernel_size=(3, 3), stride=(1, 1), padding=(1, 1), groups=1280)
            )
            (act): GELU(approximate='none')
            (fc2): Linear(in_features=1280, out_features=320, bias=True)
            (drop): Dropout(p=0.0, inplace=False)
          )
        )
        (3): Block(
          (norm1): LayerNorm((320,), eps=1e-06, elementwise_affine=True)
          (attn): Attention(
            (q): Linear(in_features=320, out_features=320, bias=True)
            (kv): Linear(in_features=320, out_features=640, bias=True)
            (attn_drop): Dropout(p=0.0, inplace=False)
            (proj): Linear(in_features=320, out_features=320, bias=True)
            (proj_drop): Dropout(p=0.0, inplace=False)
            (sr): Conv2d(320, 320, kernel_size=(2, 2), stride=(2, 2))
            (norm): LayerNorm((320,), eps=1e-05, elementwise_affine=True)
          )
          (drop_path): DropPath(drop_prob=0.067)
          (norm2): LayerNorm((320,), eps=1e-06, elementwise_affine=True)
          (mlp): Mlp(
            (fc1): Linear(in_features=320, out_features=1280, bias=True)
            (dwconv): DWConv(
              (dwconv): Conv2d(1280, 1280, kernel_size=(3, 3), stride=(1, 1), padding=(1, 1), groups=1280)
            )
            (act): GELU(approximate='none')
            (fc2): Linear(in_features=1280, out_features=320, bias=True)
            (drop): Dropout(p=0.0, inplace=False)
          )
        )
        (4): Block(
          (norm1): LayerNorm((320,), eps=1e-06, elementwise_affine=True)
          (attn): Attention(
            (q): Linear(in_features=320, out_features=320, bias=True)
            (kv): Linear(in_features=320, out_features=640, bias=True)
            (attn_drop): Dropout(p=0.0, inplace=False)
            (proj): Linear(in_features=320, out_features=320, bias=True)
            (proj_drop): Dropout(p=0.0, inplace=False)
            (sr): Conv2d(320, 320, kernel_size=(2, 2), stride=(2, 2))
            (norm): LayerNorm((320,), eps=1e-05, elementwise_affine=True)
          )
          (drop_path): DropPath(drop_prob=0.073)
          (norm2): LayerNorm((320,), eps=1e-06, elementwise_affine=True)
          (mlp): Mlp(
            (fc1): Linear(in_features=320, out_features=1280, bias=True)
            (dwconv): DWConv(
              (dwconv): Conv2d(1280, 1280, kernel_size=(3, 3), stride=(1, 1), padding=(1, 1), groups=1280)
            )
            (act): GELU(approximate='none')
            (fc2): Linear(in_features=1280, out_features=320, bias=True)
            (drop): Dropout(p=0.0, inplace=False)
          )
        )
        (5): Block(
          (norm1): LayerNorm((320,), eps=1e-06, elementwise_affine=True)
          (attn): Attention(
            (q): Linear(in_features=320, out_features=320, bias=True)
            (kv): Linear(in_features=320, out_features=640, bias=True)
            (attn_drop): Dropout(p=0.0, inplace=False)
            (proj): Linear(in_features=320, out_features=320, bias=True)
            (proj_drop): Dropout(p=0.0, inplace=False)
            (sr): Conv2d(320, 320, kernel_size=(2, 2), stride=(2, 2))
            (norm): LayerNorm((320,), eps=1e-05, elementwise_affine=True)
          )
          (drop_path): DropPath(drop_prob=0.080)
          (norm2): LayerNorm((320,), eps=1e-06, elementwise_affine=True)
          (mlp): Mlp(
            (fc1): Linear(in_features=320, out_features=1280, bias=True)
            (dwconv): DWConv(
              (dwconv): Conv2d(1280, 1280, kernel_size=(3, 3), stride=(1, 1), padding=(1, 1), groups=1280)
            )
            (act): GELU(approximate='none')
            (fc2): Linear(in_features=1280, out_features=320, bias=True)
            (drop): Dropout(p=0.0, inplace=False)
          )
        )
      )
      (extra_norm3): LayerNorm((320,), eps=1e-06, elementwise_affine=True)
      (block4): ModuleList(
        (0): Block(
          (norm1): LayerNorm((512,), eps=1e-06, elementwise_affine=True)
          (attn): Attention(
            (q): Linear(in_features=512, out_features=512, bias=True)
            (kv): Linear(in_features=512, out_features=1024, bias=True)
            (attn_drop): Dropout(p=0.0, inplace=False)
            (proj): Linear(in_features=512, out_features=512, bias=True)
            (proj_drop): Dropout(p=0.0, inplace=False)
          )
          (drop_path): DropPath(drop_prob=0.087)
          (norm2): LayerNorm((512,), eps=1e-06, elementwise_affine=True)
          (mlp): Mlp(
            (fc1): Linear(in_features=512, out_features=2048, bias=True)
            (dwconv): DWConv(
              (dwconv): Conv2d(2048, 2048, kernel_size=(3, 3), stride=(1, 1), padding=(1, 1), groups=2048)
            )
            (act): GELU(approximate='none')
            (fc2): Linear(in_features=2048, out_features=512, bias=True)
            (drop): Dropout(p=0.0, inplace=False)
          )
        )
        (1): Block(
          (norm1): LayerNorm((512,), eps=1e-06, elementwise_affine=True)
          (attn): Attention(
            (q): Linear(in_features=512, out_features=512, bias=True)
            (kv): Linear(in_features=512, out_features=1024, bias=True)
            (attn_drop): Dropout(p=0.0, inplace=False)
            (proj): Linear(in_features=512, out_features=512, bias=True)
            (proj_drop): Dropout(p=0.0, inplace=False)
          )
          (drop_path): DropPath(drop_prob=0.093)
          (norm2): LayerNorm((512,), eps=1e-06, elementwise_affine=True)
          (mlp): Mlp(
            (fc1): Linear(in_features=512, out_features=2048, bias=True)
            (dwconv): DWConv(
              (dwconv): Conv2d(2048, 2048, kernel_size=(3, 3), stride=(1, 1), padding=(1, 1), groups=2048)
            )
            (act): GELU(approximate='none')
            (fc2): Linear(in_features=2048, out_features=512, bias=True)
            (drop): Dropout(p=0.0, inplace=False)
          )
        )
        (2): Block(
          (norm1): LayerNorm((512,), eps=1e-06, elementwise_affine=True)
          (attn): Attention(
            (q): Linear(in_features=512, out_features=512, bias=True)
            (kv): Linear(in_features=512, out_features=1024, bias=True)
            (attn_drop): Dropout(p=0.0, inplace=False)
            (proj): Linear(in_features=512, out_features=512, bias=True)
            (proj_drop): Dropout(p=0.0, inplace=False)
          )
          (drop_path): DropPath(drop_prob=0.100)
          (norm2): LayerNorm((512,), eps=1e-06, elementwise_affine=True)
          (mlp): Mlp(
            (fc1): Linear(in_features=512, out_features=2048, bias=True)
            (dwconv): DWConv(
              (dwconv): Conv2d(2048, 2048, kernel_size=(3, 3), stride=(1, 1), padding=(1, 1), groups=2048)
            )
            (act): GELU(approximate='none')
            (fc2): Linear(in_features=2048, out_features=512, bias=True)
            (drop): Dropout(p=0.0, inplace=False)
          )
        )
      )
      (norm4): LayerNorm((512,), eps=1e-06, elementwise_affine=True)
      (extra_block4): ModuleList(
        (0): Block(
          (norm1): LayerNorm((512,), eps=1e-06, elementwise_affine=True)
          (attn): Attention(
            (q): Linear(in_features=512, out_features=512, bias=True)
            (kv): Linear(in_features=512, out_features=1024, bias=True)
            (attn_drop): Dropout(p=0.0, inplace=False)
            (proj): Linear(in_features=512, out_features=512, bias=True)
            (proj_drop): Dropout(p=0.0, inplace=False)
          )
          (drop_path): DropPath(drop_prob=0.087)
          (norm2): LayerNorm((512,), eps=1e-06, elementwise_affine=True)
          (mlp): Mlp(
            (fc1): Linear(in_features=512, out_features=2048, bias=True)
            (dwconv): DWConv(
              (dwconv): Conv2d(2048, 2048, kernel_size=(3, 3), stride=(1, 1), padding=(1, 1), groups=2048)
            )
            (act): GELU(approximate='none')
            (fc2): Linear(in_features=2048, out_features=512, bias=True)
            (drop): Dropout(p=0.0, inplace=False)
          )
        )
        (1): Block(
          (norm1): LayerNorm((512,), eps=1e-06, elementwise_affine=True)
          (attn): Attention(
            (q): Linear(in_features=512, out_features=512, bias=True)
            (kv): Linear(in_features=512, out_features=1024, bias=True)
            (attn_drop): Dropout(p=0.0, inplace=False)
            (proj): Linear(in_features=512, out_features=512, bias=True)
            (proj_drop): Dropout(p=0.0, inplace=False)
          )
          (drop_path): DropPath(drop_prob=0.093)
          (norm2): LayerNorm((512,), eps=1e-06, elementwise_affine=True)
          (mlp): Mlp(
            (fc1): Linear(in_features=512, out_features=2048, bias=True)
            (dwconv): DWConv(
              (dwconv): Conv2d(2048, 2048, kernel_size=(3, 3), stride=(1, 1), padding=(1, 1), groups=2048)
            )
            (act): GELU(approximate='none')
            (fc2): Linear(in_features=2048, out_features=512, bias=True)
            (drop): Dropout(p=0.0, inplace=False)
          )
        )
        (2): Block(
          (norm1): LayerNorm((512,), eps=1e-06, elementwise_affine=True)
          (attn): Attention(
            (q): Linear(in_features=512, out_features=512, bias=True)
            (kv): Linear(in_features=512, out_features=1024, bias=True)
            (attn_drop): Dropout(p=0.0, inplace=False)
            (proj): Linear(in_features=512, out_features=512, bias=True)
            (proj_drop): Dropout(p=0.0, inplace=False)
          )
          (drop_path): DropPath(drop_prob=0.100)
          (norm2): LayerNorm((512,), eps=1e-06, elementwise_affine=True)
          (mlp): Mlp(
            (fc1): Linear(in_features=512, out_features=2048, bias=True)
            (dwconv): DWConv(
              (dwconv): Conv2d(2048, 2048, kernel_size=(3, 3), stride=(1, 1), padding=(1, 1), groups=2048)
            )
            (act): GELU(approximate='none')
            (fc2): Linear(in_features=2048, out_features=512, bias=True)
            (drop): Dropout(p=0.0, inplace=False)
          )
        )
      )
      (extra_norm4): LayerNorm((512,), eps=1e-06, elementwise_affine=True)
      (FRMs): ModuleList(
        (0): FeatureRectifyModule(
          (channel_weights): ChannelWeights(
            (avg_pool): AdaptiveAvgPool2d(output_size=1)
            (max_pool): AdaptiveMaxPool2d(output_size=1)
            (mlp): Sequential(
              (0): Linear(in_features=256, out_features=256, bias=True)
              (1): ReLU(inplace=True)
              (2): Linear(in_features=256, out_features=128, bias=True)
              (3): Sigmoid()
            )
          )
          (spatial_weights): SpatialWeights(
            (mlp): Sequential(
              (0): Conv2d(128, 64, kernel_size=(1, 1), stride=(1, 1))
              (1): ReLU(inplace=True)
              (2): Conv2d(64, 2, kernel_size=(1, 1), stride=(1, 1))
              (3): Sigmoid()
            )
          )
        )
        (1): FeatureRectifyModule(
          (channel_weights): ChannelWeights(
            (avg_pool): AdaptiveAvgPool2d(output_size=1)
            (max_pool): AdaptiveMaxPool2d(output_size=1)
            (mlp): Sequential(
              (0): Linear(in_features=512, out_features=512, bias=True)
              (1): ReLU(inplace=True)
              (2): Linear(in_features=512, out_features=256, bias=True)
              (3): Sigmoid()
            )
          )
          (spatial_weights): SpatialWeights(
            (mlp): Sequential(
              (0): Conv2d(256, 128, kernel_size=(1, 1), stride=(1, 1))
              (1): ReLU(inplace=True)
              (2): Conv2d(128, 2, kernel_size=(1, 1), stride=(1, 1))
              (3): Sigmoid()
            )
          )
        )
        (2): FeatureRectifyModule(
          (channel_weights): ChannelWeights(
            (avg_pool): AdaptiveAvgPool2d(output_size=1)
            (max_pool): AdaptiveMaxPool2d(output_size=1)
            (mlp): Sequential(
              (0): Linear(in_features=1280, out_features=1280, bias=True)
              (1): ReLU(inplace=True)
              (2): Linear(in_features=1280, out_features=640, bias=True)
              (3): Sigmoid()
            )
          )
          (spatial_weights): SpatialWeights(
            (mlp): Sequential(
              (0): Conv2d(640, 320, kernel_size=(1, 1), stride=(1, 1))
              (1): ReLU(inplace=True)
              (2): Conv2d(320, 2, kernel_size=(1, 1), stride=(1, 1))
              (3): Sigmoid()
            )
          )
        )
        (3): FeatureRectifyModule(
          (channel_weights): ChannelWeights(
            (avg_pool): AdaptiveAvgPool2d(output_size=1)
            (max_pool): AdaptiveMaxPool2d(output_size=1)
            (mlp): Sequential(
              (0): Linear(in_features=2048, out_features=2048, bias=True)
              (1): ReLU(inplace=True)
              (2): Linear(in_features=2048, out_features=1024, bias=True)
              (3): Sigmoid()
            )
          )
          (spatial_weights): SpatialWeights(
            (mlp): Sequential(
              (0): Conv2d(1024, 512, kernel_size=(1, 1), stride=(1, 1))
              (1): ReLU(inplace=True)
              (2): Conv2d(512, 2, kernel_size=(1, 1), stride=(1, 1))
              (3): Sigmoid()
            )
          )
        )
      )
      (FFMs): ModuleList(
        (0): FeatureFusionModule(
          (cross): CrossPath(
            (channel_proj1): Linear(in_features=64, out_features=128, bias=True)
            (channel_proj2): Linear(in_features=64, out_features=128, bias=True)
            (act1): ReLU(inplace=True)
            (act2): ReLU(inplace=True)
            (cross_attn): CrossAttention(
              (kv1): Linear(in_features=64, out_features=128, bias=False)
              (kv2): Linear(in_features=64, out_features=128, bias=False)
            )
            (end_proj1): Linear(in_features=128, out_features=64, bias=True)
            (end_proj2): Linear(in_features=128, out_features=64, bias=True)
            (norm1): LayerNorm((64,), eps=1e-05, elementwise_affine=True)
            (norm2): LayerNorm((64,), eps=1e-05, elementwise_affine=True)
          )
          (channel_emb): ChannelEmbed(
            (residual): Conv2d(128, 64, kernel_size=(1, 1), stride=(1, 1), bias=False)
            (channel_embed): Sequential(
              (0): Conv2d(128, 64, kernel_size=(1, 1), stride=(1, 1))
              (1): Conv2d(64, 64, kernel_size=(3, 3), stride=(1, 1), padding=(1, 1), groups=64)
              (2): ReLU(inplace=True)
              (3): Conv2d(64, 64, kernel_size=(1, 1), stride=(1, 1))
              (4): SyncBatchNorm(64, eps=1e-05, momentum=0.1, affine=True, track_running_stats=True)
            )
            (norm): SyncBatchNorm(64, eps=1e-05, momentum=0.1, affine=True, track_running_stats=True)
          )
        )
        (1): FeatureFusionModule(
          (cross): CrossPath(
            (channel_proj1): Linear(in_features=128, out_features=256, bias=True)
            (channel_proj2): Linear(in_features=128, out_features=256, bias=True)
            (act1): ReLU(inplace=True)
            (act2): ReLU(inplace=True)
            (cross_attn): CrossAttention(
              (kv1): Linear(in_features=128, out_features=256, bias=False)
              (kv2): Linear(in_features=128, out_features=256, bias=False)
            )
            (end_proj1): Linear(in_features=256, out_features=128, bias=True)
            (end_proj2): Linear(in_features=256, out_features=128, bias=True)
            (norm1): LayerNorm((128,), eps=1e-05, elementwise_affine=True)
            (norm2): LayerNorm((128,), eps=1e-05, elementwise_affine=True)
          )
          (channel_emb): ChannelEmbed(
            (residual): Conv2d(256, 128, kernel_size=(1, 1), stride=(1, 1), bias=False)
            (channel_embed): Sequential(
              (0): Conv2d(256, 128, kernel_size=(1, 1), stride=(1, 1))
              (1): Conv2d(128, 128, kernel_size=(3, 3), stride=(1, 1), padding=(1, 1), groups=128)
              (2): ReLU(inplace=True)
              (3): Conv2d(128, 128, kernel_size=(1, 1), stride=(1, 1))
              (4): SyncBatchNorm(128, eps=1e-05, momentum=0.1, affine=True, track_running_stats=True)
            )
            (norm): SyncBatchNorm(128, eps=1e-05, momentum=0.1, affine=True, track_running_stats=True)
          )
        )
        (2): FeatureFusionModule(
          (cross): CrossPath(
            (channel_proj1): Linear(in_features=320, out_features=640, bias=True)
            (channel_proj2): Linear(in_features=320, out_features=640, bias=True)
            (act1): ReLU(inplace=True)
            (act2): ReLU(inplace=True)
            (cross_attn): CrossAttention(
              (kv1): Linear(in_features=320, out_features=640, bias=False)
              (kv2): Linear(in_features=320, out_features=640, bias=False)
            )
            (end_proj1): Linear(in_features=640, out_features=320, bias=True)
            (end_proj2): Linear(in_features=640, out_features=320, bias=True)
            (norm1): LayerNorm((320,), eps=1e-05, elementwise_affine=True)
            (norm2): LayerNorm((320,), eps=1e-05, elementwise_affine=True)
          )
          (channel_emb): ChannelEmbed(
            (residual): Conv2d(640, 320, kernel_size=(1, 1), stride=(1, 1), bias=False)
            (channel_embed): Sequential(
              (0): Conv2d(640, 320, kernel_size=(1, 1), stride=(1, 1))
              (1): Conv2d(320, 320, kernel_size=(3, 3), stride=(1, 1), padding=(1, 1), groups=320)
              (2): ReLU(inplace=True)
              (3): Conv2d(320, 320, kernel_size=(1, 1), stride=(1, 1))
              (4): SyncBatchNorm(320, eps=1e-05, momentum=0.1, affine=True, track_running_stats=True)
            )
            (norm): SyncBatchNorm(320, eps=1e-05, momentum=0.1, affine=True, track_running_stats=True)
          )
        )
        (3): FeatureFusionModule(
          (cross): CrossPath(
            (channel_proj1): Linear(in_features=512, out_features=1024, bias=True)
            (channel_proj2): Linear(in_features=512, out_features=1024, bias=True)
            (act1): ReLU(inplace=True)
            (act2): ReLU(inplace=True)
            (cross_attn): CrossAttention(
              (kv1): Linear(in_features=512, out_features=1024, bias=False)
              (kv2): Linear(in_features=512, out_features=1024, bias=False)
            )
            (end_proj1): Linear(in_features=1024, out_features=512, bias=True)
            (end_proj2): Linear(in_features=1024, out_features=512, bias=True)
            (norm1): LayerNorm((512,), eps=1e-05, elementwise_affine=True)
            (norm2): LayerNorm((512,), eps=1e-05, elementwise_affine=True)
          )
          (channel_emb): ChannelEmbed(
            (residual): Conv2d(1024, 512, kernel_size=(1, 1), stride=(1, 1), bias=False)
            (channel_embed): Sequential(
              (0): Conv2d(1024, 512, kernel_size=(1, 1), stride=(1, 1))
              (1): Conv2d(512, 512, kernel_size=(3, 3), stride=(1, 1), padding=(1, 1), groups=512)
              (2): ReLU(inplace=True)
              (3): Conv2d(512, 512, kernel_size=(1, 1), stride=(1, 1))
              (4): SyncBatchNorm(512, eps=1e-05, momentum=0.1, affine=True, track_running_stats=True)
            )
            (norm): SyncBatchNorm(512, eps=1e-05, momentum=0.1, affine=True, track_running_stats=True)
          )
        )
      )
    )
    (decode_head): DecoderHead(
      (dropout): Dropout2d(p=0.1, inplace=False)
      (linear_c4): MLP(
        (proj): Linear(in_features=512, out_features=512, bias=True)
      )
      (linear_c3): MLP(
        (proj): Linear(in_features=320, out_features=512, bias=True)
      )
      (linear_c2): MLP(
        (proj): Linear(in_features=128, out_features=512, bias=True)
      )
      (linear_c1): MLP(
        (proj): Linear(in_features=64, out_features=512, bias=True)
      )
      (linear_fuse): Sequential(
        (0): Conv2d(2048, 512, kernel_size=(1, 1), stride=(1, 1))
        (1): SyncBatchNorm(512, eps=0.001, momentum=0.1, affine=True, track_running_stats=True)
        (2): ReLU(inplace=True)
      )
      (linear_pred): Conv2d(512, 2, kernel_size=(1, 1), stride=(1, 1))
    )
    (decode_head_conf): DecoderHead(
      (dropout): Dropout2d(p=0.1, inplace=False)
      (linear_c4): MLP(
        (proj): Linear(in_features=512, out_features=512, bias=True)
      )
      (linear_c3): MLP(
        (proj): Linear(in_features=320, out_features=512, bias=True)
      )
      (linear_c2): MLP(
        (proj): Linear(in_features=128, out_features=512, bias=True)
      )
      (linear_c1): MLP(
        (proj): Linear(in_features=64, out_features=512, bias=True)
      )
      (linear_fuse): Sequential(
        (0): Conv2d(2048, 512, kernel_size=(1, 1), stride=(1, 1))
        (1): SyncBatchNorm(512, eps=1e-05, momentum=0.1, affine=True, track_running_stats=True)
        (2): ReLU(inplace=True)
      )
      (linear_pred): Conv2d(512, 1, kernel_size=(1, 1), stride=(1, 1))
    )
    (detection): Sequential(
      (0): Linear(in_features=8, out_features=128, bias=True)
      (1): ReLU()
      (2): Dropout(p=0.5, inplace=False)
      (3): Linear(in_features=128, out_features=1, bias=True)
    )
    (dncnn): Sequential(
      (0): Conv2d(3, 64, kernel_size=(3, 3), stride=(1, 1), padding=(1, 1))
      (1): ReLU(inplace=True)
      (2): Conv2d(64, 64, kernel_size=(3, 3), stride=(1, 1), padding=(1, 1), bias=False)
      (3): SyncBatchNorm(64, eps=1e-05, momentum=0.1, affine=True, track_running_stats=True)
      (4): ReLU(inplace=True)
      (5): Conv2d(64, 64, kernel_size=(3, 3), stride=(1, 1), padding=(1, 1), bias=False)
      (6): SyncBatchNorm(64, eps=1e-05, momentum=0.1, affine=True, track_running_stats=True)
      (7): ReLU(inplace=True)
      (8): Conv2d(64, 64, kernel_size=(3, 3), stride=(1, 1), padding=(1, 1), bias=False)
      (9): SyncBatchNorm(64, eps=1e-05, momentum=0.1, affine=True, track_running_stats=True)
      (10): ReLU(inplace=True)
      (11): Conv2d(64, 64, kernel_size=(3, 3), stride=(1, 1), padding=(1, 1), bias=False)
      (12): SyncBatchNorm(64, eps=1e-05, momentum=0.1, affine=True, track_running_stats=True)
      (13): ReLU(inplace=True)
      (14): Conv2d(64, 64, kernel_size=(3, 3), stride=(1, 1), padding=(1, 1), bias=False)
      (15): SyncBatchNorm(64, eps=1e-05, momentum=0.1, affine=True, track_running_stats=True)
      (16): ReLU(inplace=True)
      (17): Conv2d(64, 64, kernel_size=(3, 3), stride=(1, 1), padding=(1, 1), bias=False)
      (18): SyncBatchNorm(64, eps=1e-05, momentum=0.1, affine=True, track_running_stats=True)
      (19): ReLU(inplace=True)
      (20): Conv2d(64, 64, kernel_size=(3, 3), stride=(1, 1), padding=(1, 1), bias=False)
      (21): SyncBatchNorm(64, eps=1e-05, momentum=0.1, affine=True, track_running_stats=True)
      (22): ReLU(inplace=True)
      (23): Conv2d(64, 64, kernel_size=(3, 3), stride=(1, 1), padding=(1, 1), bias=False)
      (24): SyncBatchNorm(64, eps=1e-05, momentum=0.1, affine=True, track_running_stats=True)
      (25): ReLU(inplace=True)
      (26): Conv2d(64, 64, kernel_size=(3, 3), stride=(1, 1), padding=(1, 1), bias=False)
      (27): SyncBatchNorm(64, eps=1e-05, momentum=0.1, affine=True, track_running_stats=True)
      (28): ReLU(inplace=True)
      (29): Conv2d(64, 64, kernel_size=(3, 3), stride=(1, 1), padding=(1, 1), bias=False)
      (30): SyncBatchNorm(64, eps=1e-05, momentum=0.1, affine=True, track_running_stats=True)
      (31): ReLU(inplace=True)
      (32): Conv2d(64, 64, kernel_size=(3, 3), stride=(1, 1), padding=(1, 1), bias=False)
      (33): SyncBatchNorm(64, eps=1e-05, momentum=0.1, affine=True, track_running_stats=True)
      (34): ReLU(inplace=True)
      (35): Conv2d(64, 64, kernel_size=(3, 3), stride=(1, 1), padding=(1, 1), bias=False)
      (36): SyncBatchNorm(64, eps=1e-05, momentum=0.1, affine=True, track_running_stats=True)
      (37): ReLU(inplace=True)
      (38): Conv2d(64, 64, kernel_size=(3, 3), stride=(1, 1), padding=(1, 1), bias=False)
      (39): SyncBatchNorm(64, eps=1e-05, momentum=0.1, affine=True, track_running_stats=True)
      (40): ReLU(inplace=True)
      (41): Conv2d(64, 64, kernel_size=(3, 3), stride=(1, 1), padding=(1, 1), bias=False)
      (42): SyncBatchNorm(64, eps=1e-05, momentum=0.1, affine=True, track_running_stats=True)
      (43): ReLU(inplace=True)
      (44): Conv2d(64, 64, kernel_size=(3, 3), stride=(1, 1), padding=(1, 1), bias=False)
      (45): SyncBatchNorm(64, eps=1e-05, momentum=0.1, affine=True, track_running_stats=True)
      (46): ReLU(inplace=True)
      (47): Conv2d(64, 1, kernel_size=(3, 3), stride=(1, 1), padding=(1, 1))
    )
  )
)
[16:10:26.110994] Post function check: trufor_post_func
[16:10:26.111023]                         Registry of POSTFUNCS                         
┏━━━━━━━━━━━━━━━━━━━┳━━━━━━━━━━━━━━━━━━━━━━━━━━━━━━━━━━━━━━━━━━━━━━━━┓
┃ Names             ┃ Objects                                        ┃
┡━━━━━━━━━━━━━━━━━━━╇━━━━━━━━━━━━━━━━━━━━━━━━━━━━━━━━━━━━━━━━━━━━━━━━┩
│ cat_net_post_func │ <function cat_net_post_func at 0x7f7a8e560180> │
└───────────────────┴────────────────────────────────────────────────┘

[16:10:26.125043] <IMDLBenCo.datasets.iml_datasets.JsonDataset object at 0x7f7a86587650>
[16:10:26.125082] len(dataset_test) 3621
[16:10:26.125136] Sampler_test = <torch.utils.data.distributed.DistributedSampler object at 0x7f7a5d7387d0>
[16:10:26.125421] Start testing on Autosplice! 
[16:10:26.125457] ['logs.log', 'error.log', 'checkpoint-0.pth', 'Autosplice']
[16:10:26.125481] sorted checkpoint pairs in the ckpt dir:  [(0, 'checkpoint-0.pth')]
[16:10:26.125506] Loading checkpoint: checkpoint-0.pth
[16:10:29.029563] Test: [0]  [  0/113]  eta: 0:05:02  pixel-level F1: 2.0702 (0.2588)  time: 2.6732  data: 0.8666  max mem: 4553
[16:10:36.060503] Test: [0]  [ 20/113]  eta: 0:00:42  pixel-level F1: 2.6619 (0.3100)  time: 0.3515  data: 0.0001  max mem: 4569
[16:10:43.107856] Test: [0]  [ 40/113]  eta: 0:00:29  pixel-level F1: 2.4458 (0.3035)  time: 0.3523  data: 0.0002  max mem: 4569
[16:10:50.166003] Test: [0]  [ 60/113]  eta: 0:00:20  pixel-level F1: 2.5915 (0.3128)  time: 0.3529  data: 0.0002  max mem: 4569
[16:10:57.472725] Test: [0]  [ 80/113]  eta: 0:00:12  pixel-level F1: 2.0954 (0.3044)  time: 0.3653  data: 0.0126  max mem: 4569
[16:11:06.007618] Test: [0]  [100/113]  eta: 0:00:05  pixel-level F1: 2.1875 (0.3023)  time: 0.4267  data: 0.0744  max mem: 4569
[16:11:10.237459] Test: [0]  [112/113]  eta: 0:00:00  pixel-level F1: 2.2264 (0.3028)  time: 0.3524  data: 0.0001  max mem: 4569
[16:11:10.382436] Test: [0] Total time: 0:00:44 (0.3896 s / it)
[16:11:10.382557] ***************************************************************
[16:11:10.382587] ****An extra tail dataset should exist for accracy metrics!****
[16:11:10.382614] ***************************************************************
[16:11:10.382644] **** Length of tail: 5 ****
[16:11:10.669774] ====================
[16:11:10.669854] A batch that is not fully loaded was detected at the end of the dataset. The actual batch size for this batch is 5: The default batch size is 8
[16:11:10.669868] ====================
[16:11:10.670259] Actual Batchsize/ world_size {'_n': 1.25}
[16:11:10.670328] {'pixel-level F1': tensor(0.2716, device='cuda:0', dtype=torch.float64)}
[16:11:10.738950] Test <remaining>: [0]  [0/1]  eta: 0:00:00  pixel-level F1: 2.2222 (0.3027)  time: 0.3553  data: 0.1251  max mem: 4569
[16:11:10.739044] Test <remaining>: [0] Total time: 0:00:00 (0.3558 s / it)
[16:11:13.484010] ---syncronized---
[16:11:13.484103] pixel-level F1 reduced_count 3621
[16:11:13.484128] pixel-level F1 reduced_sum 1159.532108281938
[16:11:13.484155] ---syncronized done ---
[16:11:15.139102] Averaged stats: pixel-level F1: 2.2222 (0.3202)
[16:11:15.144749] Testing on dataset Autosplice takes 0:00:49
[16:11:15.149269] <IMDLBenCo.datasets.iml_datasets.JsonDataset object at 0x7f7a5d7fb890>
[16:11:15.149309] len(dataset_test) 512
[16:11:15.149375] Sampler_test = <torch.utils.data.distributed.DistributedSampler object at 0x7f7a8e9c3e90>
[16:11:15.150199] Start testing on CocoGlide! 
[16:11:15.150249] ['logs.log', 'CocoGlide', 'error.log', 'checkpoint-0.pth', 'Autosplice']
[16:11:15.150286] sorted checkpoint pairs in the ckpt dir:  [(0, 'checkpoint-0.pth')]
[16:11:15.150322] Loading checkpoint: checkpoint-0.pth
[16:11:15.937316] Test: [0]  [ 0/16]  eta: 0:00:09  pixel-level F1: 0.1343 (0.0168)  time: 0.5843  data: 0.2318  max mem: 4569
[16:11:21.218587] Test: [0]  [15/16]  eta: 0:00:00  pixel-level F1: 0.1847 (0.0331)  time: 0.3666  data: 0.0146  max mem: 4569
[16:11:21.312712] Test: [0] Total time: 0:00:05 (0.3725 s / it)
[16:11:21.313634] ---syncronized---
[16:11:21.313691] pixel-level F1 reduced_count 512
[16:11:21.313737] pixel-level F1 reduced_sum 18.547296471871796
[16:11:21.313782] ---syncronized done ---
[16:11:23.229494] Averaged stats: pixel-level F1: 0.1847 (0.0362)
[16:11:23.243744] Testing on dataset CocoGlide takes 0:00:57
[16:11:23.243805] Total testing time 0:00:57
