W1125 08:46:07.920000 3825506 site-packages/torch/distributed/run.py:793] 
W1125 08:46:07.920000 3825506 site-packages/torch/distributed/run.py:793] *****************************************
W1125 08:46:07.920000 3825506 site-packages/torch/distributed/run.py:793] Setting OMP_NUM_THREADS environment variable for each process to be 1 in default, to avoid your system being overloaded, please further tune the variable for optimal performance in your application as needed. 
W1125 08:46:07.920000 3825506 site-packages/torch/distributed/run.py:793] *****************************************
/mnt/data3/yunfei/workspace/miniconda3/envs/pytorch_mini/lib/python3.11/site-packages/timm/optim/optim_factory.py:7: FutureWarning: Importing from timm.optim.optim_factory is deprecated, please import via timm.optim
  warnings.warn(f"Importing from {__name__} is deprecated, please import via timm.optim", FutureWarning)
/mnt/data3/yunfei/workspace/miniconda3/envs/pytorch_mini/lib/python3.11/site-packages/timm/optim/optim_factory.py:7: FutureWarning: Importing from timm.optim.optim_factory is deprecated, please import via timm.optim
  warnings.warn(f"Importing from {__name__} is deprecated, please import via timm.optim", FutureWarning)
/mnt/data3/yunfei/workspace/miniconda3/envs/pytorch_mini/lib/python3.11/site-packages/timm/optim/optim_factory.py:7: FutureWarning: Importing from timm.optim.optim_factory is deprecated, please import via timm.optim
  warnings.warn(f"Importing from {__name__} is deprecated, please import via timm.optim", FutureWarning)
/mnt/data3/yunfei/workspace/miniconda3/envs/pytorch_mini/lib/python3.11/site-packages/timm/optim/optim_factory.py:7: FutureWarning: Importing from timm.optim.optim_factory is deprecated, please import via timm.optim
  warnings.warn(f"Importing from {__name__} is deprecated, please import via timm.optim", FutureWarning)
/mnt/data3/yunfei/workspace/miniconda3/envs/pytorch_mini/lib/python3.11/site-packages/timm/models/layers/__init__.py:48: FutureWarning: Importing from timm.models.layers is deprecated, please import via timm.layers
  warnings.warn(f"Importing from {__name__} is deprecated, please import via timm.layers", FutureWarning)
/mnt/data3/yunfei/workspace/miniconda3/envs/pytorch_mini/lib/python3.11/site-packages/timm/models/layers/__init__.py:48: FutureWarning: Importing from timm.models.layers is deprecated, please import via timm.layers
  warnings.warn(f"Importing from {__name__} is deprecated, please import via timm.layers", FutureWarning)
/mnt/data3/yunfei/workspace/miniconda3/envs/pytorch_mini/lib/python3.11/site-packages/timm/models/layers/__init__.py:48: FutureWarning: Importing from timm.models.layers is deprecated, please import via timm.layers
  warnings.warn(f"Importing from {__name__} is deprecated, please import via timm.layers", FutureWarning)
/mnt/data3/yunfei/workspace/miniconda3/envs/pytorch_mini/lib/python3.11/site-packages/timm/models/layers/__init__.py:48: FutureWarning: Importing from timm.models.layers is deprecated, please import via timm.layers
  warnings.warn(f"Importing from {__name__} is deprecated, please import via timm.layers", FutureWarning)
[rank0]:[W1125 08:46:15.762581362 ProcessGroupNCCL.cpp:4115] [PG ID 0 PG GUID 0 Rank 0]  using GPU 0 to perform barrier as devices used by this process are currently unknown. This can potentially cause a hang if this rank to GPU mapping is incorrect.Specify device_ids in barrier() to force use of a particular device,or call init_process_group() with a device_id.
[rank1]:[W1125 08:46:15.764451771 ProcessGroupNCCL.cpp:4115] [PG ID 0 PG GUID 0 Rank 1]  using GPU 1 to perform barrier as devices used by this process are currently unknown. This can potentially cause a hang if this rank to GPU mapping is incorrect.Specify device_ids in barrier() to force use of a particular device,or call init_process_group() with a device_id.
[rank2]:[W1125 08:46:15.765111740 ProcessGroupNCCL.cpp:4115] [PG ID 0 PG GUID 0 Rank 2]  using GPU 2 to perform barrier as devices used by this process are currently unknown. This can potentially cause a hang if this rank to GPU mapping is incorrect.Specify device_ids in barrier() to force use of a particular device,or call init_process_group() with a device_id.
[rank3]:[W1125 08:46:15.766252640 ProcessGroupNCCL.cpp:4115] [PG ID 0 PG GUID 0 Rank 3]  using GPU 3 to perform barrier as devices used by this process are currently unknown. This can potentially cause a hang if this rank to GPU mapping is incorrect.Specify device_ids in barrier() to force use of a particular device,or call init_process_group() with a device_id.
/mnt/data0/yunfei/workspace/IMDLBenCo/IMDLBenCo/model_zoo/diffiml/diffiml.py:242: FutureWarning: You are using `torch.load` with `weights_only=False` (the current default value), which uses the default pickle module implicitly. It is possible to construct malicious pickle data which will execute arbitrary code during unpickling (See https://github.com/pytorch/pytorch/blob/main/SECURITY.md#untrusted-models for more details). In a future release, the default value for `weights_only` will be flipped to `True`. This limits the functions that could be executed during unpickling. Arbitrary objects will no longer be allowed to be loaded via this mode unless they are explicitly allowlisted by the user via `torch.serialization.add_safe_globals`. We recommend you start setting `weights_only=True` for any use case where you don't have full control of the loaded file. Please open an issue on GitHub for any issues related to this experimental feature.
  checkpoint = torch.load(light_vae_weights, map_location='cpu')
/mnt/data0/yunfei/workspace/IMDLBenCo/IMDLBenCo/model_zoo/diffiml/diffiml.py:242: FutureWarning: You are using `torch.load` with `weights_only=False` (the current default value), which uses the default pickle module implicitly. It is possible to construct malicious pickle data which will execute arbitrary code during unpickling (See https://github.com/pytorch/pytorch/blob/main/SECURITY.md#untrusted-models for more details). In a future release, the default value for `weights_only` will be flipped to `True`. This limits the functions that could be executed during unpickling. Arbitrary objects will no longer be allowed to be loaded via this mode unless they are explicitly allowlisted by the user via `torch.serialization.add_safe_globals`. We recommend you start setting `weights_only=True` for any use case where you don't have full control of the loaded file. Please open an issue on GitHub for any issues related to this experimental feature.
  checkpoint = torch.load(light_vae_weights, map_location='cpu')
/mnt/data0/yunfei/workspace/IMDLBenCo/IMDLBenCo/model_zoo/diffiml/diffiml.py:242: FutureWarning: You are using `torch.load` with `weights_only=False` (the current default value), which uses the default pickle module implicitly. It is possible to construct malicious pickle data which will execute arbitrary code during unpickling (See https://github.com/pytorch/pytorch/blob/main/SECURITY.md#untrusted-models for more details). In a future release, the default value for `weights_only` will be flipped to `True`. This limits the functions that could be executed during unpickling. Arbitrary objects will no longer be allowed to be loaded via this mode unless they are explicitly allowlisted by the user via `torch.serialization.add_safe_globals`. We recommend you start setting `weights_only=True` for any use case where you don't have full control of the loaded file. Please open an issue on GitHub for any issues related to this experimental feature.
  checkpoint = torch.load(light_vae_weights, map_location='cpu')
/mnt/data0/yunfei/workspace/IMDLBenCo/IMDLBenCo/model_zoo/diffiml/diffiml.py:242: FutureWarning: You are using `torch.load` with `weights_only=False` (the current default value), which uses the default pickle module implicitly. It is possible to construct malicious pickle data which will execute arbitrary code during unpickling (See https://github.com/pytorch/pytorch/blob/main/SECURITY.md#untrusted-models for more details). In a future release, the default value for `weights_only` will be flipped to `True`. This limits the functions that could be executed during unpickling. Arbitrary objects will no longer be allowed to be loaded via this mode unless they are explicitly allowlisted by the user via `torch.serialization.add_safe_globals`. We recommend you start setting `weights_only=True` for any use case where you don't have full control of the loaded file. Please open an issue on GitHub for any issues related to this experimental feature.
  checkpoint = torch.load(light_vae_weights, map_location='cpu')
[rank0]:[W1125 10:06:17.712187169 ProcessGroupNCCL.cpp:1250] Warning: WARNING: process group has NOT been destroyed before we destruct ProcessGroupNCCL. On normal program exit, the application should call destroy_process_group to ensure that any pending NCCL operations have finished in this process. In rare cases this process can exit before this point and block the progress of another member of the process group. This constraint has always been present,  but this warning has only been added since PyTorch 2.4 (function operator())
